Archive member included to satisfy reference by file (symbol)

e:/embedded systems by imt/imt_sdk_win_64/winarm/armgcc/bin/../lib/gcc/arm-none-eabi/7.2.1/../../../../arm-none-eabi/lib/thumb/v7e-m/fpv4-sp/hard\libg_nano.a(lib_a-errno.o)
                              ./system/src/newlib/_sbrk.o (__errno)
e:/embedded systems by imt/imt_sdk_win_64/winarm/armgcc/bin/../lib/gcc/arm-none-eabi/7.2.1/../../../../arm-none-eabi/lib/thumb/v7e-m/fpv4-sp/hard\libg_nano.a(lib_a-impure.o)
                              e:/embedded systems by imt/imt_sdk_win_64/winarm/armgcc/bin/../lib/gcc/arm-none-eabi/7.2.1/../../../../arm-none-eabi/lib/thumb/v7e-m/fpv4-sp/hard\libg_nano.a(lib_a-errno.o) (_impure_ptr)
e:/embedded systems by imt/imt_sdk_win_64/winarm/armgcc/bin/../lib/gcc/arm-none-eabi/7.2.1/../../../../arm-none-eabi/lib/thumb/v7e-m/fpv4-sp/hard\libg_nano.a(lib_a-memcpy-stub.o)
                              ./FreeRTOS/queue.o (memcpy)
e:/embedded systems by imt/imt_sdk_win_64/winarm/armgcc/bin/../lib/gcc/arm-none-eabi/7.2.1/../../../../arm-none-eabi/lib/thumb/v7e-m/fpv4-sp/hard\libg_nano.a(lib_a-memset.o)
                              ./FreeRTOS/stream_buffer.o (memset)
e:/embedded systems by imt/imt_sdk_win_64/winarm/armgcc/bin/../lib/gcc/arm-none-eabi/7.2.1/../../../../arm-none-eabi/lib/thumb/v7e-m/fpv4-sp/hard\libg_nano.a(lib_a-strlen.o)
                              ./system/src/diag/Trace.o (strlen)
e:/embedded systems by imt/imt_sdk_win_64/winarm/armgcc/bin/../lib/gcc/arm-none-eabi/7.2.1/../../../../arm-none-eabi/lib/thumb/v7e-m/fpv4-sp/hard\libg_nano.a(lib_a-vsnprintf.o)
                              ./system/src/diag/Trace.o (vsnprintf)
e:/embedded systems by imt/imt_sdk_win_64/winarm/armgcc/bin/../lib/gcc/arm-none-eabi/7.2.1/../../../../arm-none-eabi/lib/thumb/v7e-m/fpv4-sp/hard\libg_nano.a(lib_a-nano-svfprintf.o)
                              e:/embedded systems by imt/imt_sdk_win_64/winarm/armgcc/bin/../lib/gcc/arm-none-eabi/7.2.1/../../../../arm-none-eabi/lib/thumb/v7e-m/fpv4-sp/hard\libg_nano.a(lib_a-vsnprintf.o) (_svfprintf_r)
e:/embedded systems by imt/imt_sdk_win_64/winarm/armgcc/bin/../lib/gcc/arm-none-eabi/7.2.1/../../../../arm-none-eabi/lib/thumb/v7e-m/fpv4-sp/hard\libg_nano.a(lib_a-nano-vfprintf_i.o)
                              e:/embedded systems by imt/imt_sdk_win_64/winarm/armgcc/bin/../lib/gcc/arm-none-eabi/7.2.1/../../../../arm-none-eabi/lib/thumb/v7e-m/fpv4-sp/hard\libg_nano.a(lib_a-nano-svfprintf.o) (_printf_i)
e:/embedded systems by imt/imt_sdk_win_64/winarm/armgcc/bin/../lib/gcc/arm-none-eabi/7.2.1/../../../../arm-none-eabi/lib/thumb/v7e-m/fpv4-sp/hard\libg_nano.a(lib_a-memchr.o)
                              e:/embedded systems by imt/imt_sdk_win_64/winarm/armgcc/bin/../lib/gcc/arm-none-eabi/7.2.1/../../../../arm-none-eabi/lib/thumb/v7e-m/fpv4-sp/hard\libg_nano.a(lib_a-nano-svfprintf.o) (memchr)
e:/embedded systems by imt/imt_sdk_win_64/winarm/armgcc/bin/../lib/gcc/arm-none-eabi/7.2.1/../../../../arm-none-eabi/lib/thumb/v7e-m/fpv4-sp/hard\libg_nano.a(lib_a-memmove.o)
                              e:/embedded systems by imt/imt_sdk_win_64/winarm/armgcc/bin/../lib/gcc/arm-none-eabi/7.2.1/../../../../arm-none-eabi/lib/thumb/v7e-m/fpv4-sp/hard\libg_nano.a(lib_a-nano-svfprintf.o) (memmove)
e:/embedded systems by imt/imt_sdk_win_64/winarm/armgcc/bin/../lib/gcc/arm-none-eabi/7.2.1/../../../../arm-none-eabi/lib/thumb/v7e-m/fpv4-sp/hard\libg_nano.a(lib_a-nano-freer.o)
                              e:/embedded systems by imt/imt_sdk_win_64/winarm/armgcc/bin/../lib/gcc/arm-none-eabi/7.2.1/../../../../arm-none-eabi/lib/thumb/v7e-m/fpv4-sp/hard\libg_nano.a(lib_a-nano-svfprintf.o) (_free_r)
e:/embedded systems by imt/imt_sdk_win_64/winarm/armgcc/bin/../lib/gcc/arm-none-eabi/7.2.1/../../../../arm-none-eabi/lib/thumb/v7e-m/fpv4-sp/hard\libg_nano.a(lib_a-nano-mallocr.o)
                              e:/embedded systems by imt/imt_sdk_win_64/winarm/armgcc/bin/../lib/gcc/arm-none-eabi/7.2.1/../../../../arm-none-eabi/lib/thumb/v7e-m/fpv4-sp/hard\libg_nano.a(lib_a-nano-svfprintf.o) (_malloc_r)
e:/embedded systems by imt/imt_sdk_win_64/winarm/armgcc/bin/../lib/gcc/arm-none-eabi/7.2.1/../../../../arm-none-eabi/lib/thumb/v7e-m/fpv4-sp/hard\libg_nano.a(lib_a-nano-reallocr.o)
                              e:/embedded systems by imt/imt_sdk_win_64/winarm/armgcc/bin/../lib/gcc/arm-none-eabi/7.2.1/../../../../arm-none-eabi/lib/thumb/v7e-m/fpv4-sp/hard\libg_nano.a(lib_a-nano-svfprintf.o) (_realloc_r)
e:/embedded systems by imt/imt_sdk_win_64/winarm/armgcc/bin/../lib/gcc/arm-none-eabi/7.2.1/../../../../arm-none-eabi/lib/thumb/v7e-m/fpv4-sp/hard\libg_nano.a(lib_a-sbrkr.o)
                              e:/embedded systems by imt/imt_sdk_win_64/winarm/armgcc/bin/../lib/gcc/arm-none-eabi/7.2.1/../../../../arm-none-eabi/lib/thumb/v7e-m/fpv4-sp/hard\libg_nano.a(lib_a-nano-mallocr.o) (_sbrk_r)
[...]
Memory Configuration

Name             Origin             Length             Attributes
RAM              0x20000000         0x00010000         xrw
CCMRAM           0x10000000         0x00000000         xrw
FLASH            0x08004000         0x0003c000         xr
FLASHB1          0x00000000         0x00000000         xr
EXTMEMB0         0x00000000         0x00000000         xr
EXTMEMB1         0x00000000         0x00000000         xr
EXTMEMB2         0x00000000         0x00000000         xr
EXTMEMB3         0x00000000         0x00000000         xr
*default*        0x00000000         0xffffffff

Linker script and memory map

LOAD ./system/src/stm32f4-hal/stm32f4xx_hal.o
LOAD ./system/src/stm32f4-hal/stm32f4xx_hal_cortex.o
LOAD ./system/src/stm32f4-hal/stm32f4xx_hal_dfsdm.o
LOAD ./system/src/stm32f4-hal/stm32f4xx_hal_flash.o
LOAD ./system/src/stm32f4-hal/stm32f4xx_hal_gpio.o
LOAD ./system/src/stm32f4-hal/stm32f4xx_hal_iwdg.o
LOAD ./system/src/stm32f4-hal/stm32f4xx_hal_pwr.o
LOAD ./system/src/stm32f4-hal/stm32f4xx_hal_rcc.o
LOAD ./system/src/newlib/_cxx.o
LOAD ./system/src/newlib/_exit.o
LOAD ./system/src/newlib/_sbrk.o
LOAD ./system/src/newlib/_startup.o
LOAD ./system/src/newlib/_syscalls.o
LOAD ./system/src/newlib/assert.o
LOAD ./system/src/diag/Trace.o
LOAD ./system/src/diag/trace_impl.o
LOAD ./system/src/cortexm/_initialize_hardware.o
LOAD ./system/src/cortexm/_reset_hardware.o
LOAD ./system/src/cortexm/exception_handlers.o
LOAD ./system/src/cmsis/system_stm32f4xx.o
LOAD ./system/src/cmsis/vectors_stm32f401xc.o
LOAD ./src/DC_MOTOR_Program.o
LOAD ./src/IR_Program.o
LOAD ./src/MGPIO_Program.o
LOAD ./src/MRCC_Program.o
LOAD ./src/MUART_Program.o
LOAD ./src/_initialize_hardware.o
LOAD ./src/_write.o
LOAD ./src/main.o
LOAD ./src/stm32f4xx_hal_msp.o
LOAD ./FreeRTOS/portable/MemMang/heap_4.o
LOAD ./FreeRTOS/portable/GCC/ARM_CM4F/port.o
LOAD ./FreeRTOS/croutine.o
LOAD ./FreeRTOS/event_groups.o
LOAD ./FreeRTOS/list.o
LOAD ./FreeRTOS/queue.o
LOAD ./FreeRTOS/stream_buffer.o
LOAD ./FreeRTOS/tasks.o
LOAD ./FreeRTOS/timers.o
LOAD e:/embedded systems by imt/imt_sdk_win_64/winarm/armgcc/bin/../lib/gcc/arm-none-eabi/7.2.1/../../../../arm-none-eabi/lib/thumb/v7e-m/fpv4-sp/hard\libstdc++_nano.a
LOAD e:/embedded systems by imt/imt_sdk_win_64/winarm/armgcc/bin/../lib/gcc/arm-none-eabi/7.2.1/../../../../arm-none-eabi/lib/thumb/v7e-m/fpv4-sp/hard\libm.a
START GROUP
LOAD e:/embedded systems by imt/imt_sdk_win_64/winarm/armgcc/bin/../lib/gcc/arm-none-eabi/7.2.1/thumb/v7e-m/fpv4-sp/hard\libgcc.a
LOAD e:/embedded systems by imt/imt_sdk_win_64/winarm/armgcc/bin/../lib/gcc/arm-none-eabi/7.2.1/../../../../arm-none-eabi/lib/thumb/v7e-m/fpv4-sp/hard\libg_nano.a
LOAD e:/embedded systems by imt/imt_sdk_win_64/winarm/armgcc/bin/../lib/gcc/arm-none-eabi/7.2.1/../../../../arm-none-eabi/lib/thumb/v7e-m/fpv4-sp/hard\libc_nano.a
END GROUP
START GROUP
LOAD e:/embedded systems by imt/imt_sdk_win_64/winarm/armgcc/bin/../lib/gcc/arm-none-eabi/7.2.1/thumb/v7e-m/fpv4-sp/hard\libgcc.a
LOAD e:/embedded systems by imt/imt_sdk_win_64/winarm/armgcc/bin/../lib/gcc/arm-none-eabi/7.2.1/../../../../arm-none-eabi/lib/thumb/v7e-m/fpv4-sp/hard\libc_nano.a
END GROUP
                0x20010000                __stack = (ORIGIN (RAM) + LENGTH (RAM))
                0x20010000                _estack = __stack
                0x00000400                __Main_Stack_Size = 0x400
                [!provide]                PROVIDE (_Main_Stack_Size, __Main_Stack_Size)
                0x2000fc00                __Main_Stack_Limit = (__stack - __Main_Stack_Size)
                [!provide]                PROVIDE (_Main_Stack_Limit, __Main_Stack_Limit)
                0x00000100                _Minimum_Stack_Size = 0x100
                0x20002264                PROVIDE (_Heap_Begin, _end_noinit)
                0x2000fc00                PROVIDE (_Heap_Limit, (__stack - __Main_Stack_Size))

.isr_vector     0x08004000      0x3f4
 FILL mask 0xff
                0x08004000                __vectors_start = ABSOLUTE (.)
                0x08004000                __vectors_start__ = ABSOLUTE (.)
 *(.isr_vector)
 .isr_vector    0x08004000      0x194 ./system/src/cmsis/vectors_stm32f401xc.o
                0x08004000                __isr_vectors
 *(.cfmconfig)
 *(.after_vectors .after_vectors.*)
 .after_vectors
                0x08004194      0x130 ./system/src/newlib/_startup.o
                0x08004194                _start
 .after_vectors
                0x080042c4      0x12c ./system/src/cortexm/exception_handlers.o
                0x080042c4                Reset_Handler
                0x080042ca                NMI_Handler
                0x080042ce                HardFault_Handler
                0x080042e2                HardFault_Handler_C
                0x08004340                MemManage_Handler
                0x08004344                BusFault_Handler
                0x08004358                BusFault_Handler_C
                0x0800438c                UsageFault_Handler
                0x080043a0                UsageFault_Handler_C
                0x080043d8                DebugMon_Handler
 .after_vectors
                0x080043f0        0x4 ./system/src/cmsis/vectors_stm32f401xc.o
                0x080043f0                RTC_Alarm_IRQHandler
                0x080043f0                EXTI2_IRQHandler
                0x080043f0                SPI4_IRQHandler
                0x080043f0                TIM1_CC_IRQHandler
                0x080043f0                DMA2_Stream5_IRQHandler
                0x080043f0                DMA1_Stream5_IRQHandler
                0x080043f0                PVD_IRQHandler
                0x080043f0                SDIO_IRQHandler
                0x080043f0                TAMP_STAMP_IRQHandler
                0x080043f0                EXTI3_IRQHandler
                0x080043f0                TIM1_UP_TIM10_IRQHandler
                0x080043f0                I2C3_ER_IRQHandler
                0x080043f0                EXTI0_IRQHandler
                0x080043f0                I2C2_EV_IRQHandler
                0x080043f0                DMA1_Stream2_IRQHandler
                0x080043f0                FPU_IRQHandler
                0x080043f0                DMA2_Stream2_IRQHandler
                0x080043f0                SPI1_IRQHandler
                0x080043f0                TIM1_BRK_TIM9_IRQHandler
                0x080043f0                DMA2_Stream3_IRQHandler
                0x080043f0                USART6_IRQHandler
                0x080043f0                DMA2_Stream0_IRQHandler
                0x080043f0                TIM4_IRQHandler
                0x080043f0                I2C1_EV_IRQHandler
                0x080043f0                DMA1_Stream6_IRQHandler
                0x080043f0                DMA1_Stream1_IRQHandler
                0x080043f0                TIM3_IRQHandler
                0x080043f0                RCC_IRQHandler
                0x080043f0                Default_Handler
                0x080043f0                EXTI15_10_IRQHandler
                0x080043f0                ADC_IRQHandler
                0x080043f0                DMA1_Stream7_IRQHandler
                0x080043f0                TIM5_IRQHandler
                0x080043f0                DMA2_Stream7_IRQHandler
                0x080043f0                I2C3_EV_IRQHandler
                0x080043f0                EXTI9_5_IRQHandler
                0x080043f0                RTC_WKUP_IRQHandler
                0x080043f0                SPI2_IRQHandler
                0x080043f0                DMA1_Stream0_IRQHandler
                0x080043f0                EXTI4_IRQHandler
                0x080043f0                WWDG_IRQHandler
                0x080043f0                TIM2_IRQHandler
                0x080043f0                OTG_FS_WKUP_IRQHandler
                0x080043f0                TIM1_TRG_COM_TIM11_IRQHandler
                0x080043f0                EXTI1_IRQHandler
                0x080043f0                USART2_IRQHandler
                0x080043f0                I2C2_ER_IRQHandler
                0x080043f0                DMA2_Stream1_IRQHandler
                0x080043f0                FLASH_IRQHandler
                0x080043f0                DMA2_Stream4_IRQHandler
                0x080043f0                USART1_IRQHandler
                0x080043f0                OTG_FS_IRQHandler
                0x080043f0                SPI3_IRQHandler
                0x080043f0                DMA1_Stream4_IRQHandler
                0x080043f0                I2C1_ER_IRQHandler
                0x080043f0                DMA2_Stream6_IRQHandler
                0x080043f0                DMA1_Stream3_IRQHandler

.inits          0x080043f4       0x28
                0x080043f4                __data_regions_array_start = .
                0x080043f4        0x4 LONG 0x8006d64 LOADADDR (.data)
                0x080043f8        0x4 LONG 0x20000000 ADDR (.data)
                0x080043fc        0x4 LONG 0x2000007c (ADDR (.data) + SIZEOF (.data))
                0x08004400        0x4 LONG 0x8006d64 LOADADDR (.data_CCMRAM)
                0x08004404        0x4 LONG 0x10000000 ADDR (.data_CCMRAM)
                0x08004408        0x4 LONG 0x10000000 (ADDR (.data_CCMRAM) + SIZEOF (.data_CCMRAM))
                0x0800440c                __data_regions_array_end = .
                0x0800440c                __bss_regions_array_start = .
                0x0800440c        0x4 LONG 0x2000007c ADDR (.bss)
                0x08004410        0x4 LONG 0x20002264 (ADDR (.bss) + SIZEOF (.bss))
                0x08004414        0x4 LONG 0x10000000 ADDR (.bss_CCMRAM)
                0x08004418        0x4 LONG 0x10000000 (ADDR (.bss_CCMRAM) + SIZEOF (.bss_CCMRAM))
                0x0800441c                __bss_regions_array_end = .
 *(.init)
 *(.fini)
                0x0800441c                . = ALIGN (0x4)
                0x0800441c                PROVIDE (__preinit_array_start, .)
 *(.preinit_array_sysinit .preinit_array_sysinit.*)
 *(.preinit_array_platform .preinit_array_platform.*)
 *(.preinit_array .preinit_array.*)
                0x0800441c                PROVIDE (__preinit_array_end, .)
                0x0800441c                . = ALIGN (0x4)
                0x0800441c                PROVIDE (__init_array_start, .)
 *(SORT_BY_NAME(.init_array.*))
 *(.init_array)
                0x0800441c                PROVIDE (__init_array_end, .)
                0x0800441c                . = ALIGN (0x4)
                0x0800441c                PROVIDE (__fini_array_start, .)
 *(SORT_BY_NAME(.fini_array.*))
 *(.fini_array)
                0x0800441c                PROVIDE (__fini_array_end, .)

.flashtext
 *(.flashtext .flashtext.*)

.text           0x08004420     0x2943
 *(.text .text.*)
 .text._exit    0x08004420        0x2 ./system/src/newlib/_exit.o
                0x08004420                _exit
 *fill*         0x08004422        0x2 
 .text._sbrk    0x08004424       0x44 ./system/src/newlib/_sbrk.o
                0x08004424                _sbrk
 .text.__initialize_args
                0x08004468       0x10 ./system/src/newlib/_syscalls.o
                0x08004468                __initialize_args
 .text.trace_printf
                0x08004478       0x30 ./system/src/diag/Trace.o
                0x08004478                trace_printf
 .text._trace_write_semihosting_debug
                0x080044a8       0x60 ./system/src/diag/trace_impl.o
 .text.trace_write
                0x08004508        0x8 ./system/src/diag/trace_impl.o
                0x08004508                trace_write
 .text.__initialize_hardware_early
                0x08004510       0x24 ./system/src/cortexm/_initialize_hardware.o
                0x08004510                __initialize_hardware_early
 .text.dumpExceptionStack
                0x08004534       0xf4 ./system/src/cortexm/exception_handlers.o
                0x08004534                dumpExceptionStack
 .text.isSemihosting
                0x08004628       0x20 ./system/src/cortexm/exception_handlers.o
                0x08004628                isSemihosting
 .text.SystemInit
                0x08004648       0x4c ./system/src/cmsis/system_stm32f4xx.o
                0x08004648                SystemInit
 .text.DcMotor_VoidInit
                0x08004694       0x5c ./src/DC_MOTOR_Program.o
                0x08004694                DcMotor_VoidInit
 .text.DcMotor_voidReverse
                0x080046f0       0x2c ./src/DC_MOTOR_Program.o
                0x080046f0                DcMotor_voidReverse
 .text.DcMotor_voidForward
                0x0800471c       0x2c ./src/DC_MOTOR_Program.o
                0x0800471c                DcMotor_voidForward
 .text.DcMotor_voidTurnRight
                0x08004748       0x2c ./src/DC_MOTOR_Program.o
                0x08004748                DcMotor_voidTurnRight
 .text.DcMotor_voidTurnLeft
                0x08004774       0x2c ./src/DC_MOTOR_Program.o
                0x08004774                DcMotor_voidTurnLeft
 .text.DcMotor_voidStop
                0x080047a0       0x2c ./src/DC_MOTOR_Program.o
                0x080047a0                DcMotor_voidStop
 .text.HIR_VoidInit
                0x080047cc       0x40 ./src/IR_Program.o
                0x080047cc                HIR_VoidInit
 .text.MGPIO_SetMode
                0x0800480c       0x90 ./src/MGPIO_Program.o
                0x0800480c                MGPIO_SetMode
 .text.MGPIO_SetOutputPinMode
                0x0800489c       0xac ./src/MGPIO_Program.o
                0x0800489c                MGPIO_SetOutputPinMode
 .text.MGPIO_SetInputPinType
                0x08004948       0x74 ./src/MGPIO_Program.o
                0x08004948                MGPIO_SetInputPinType
 .text.MGPIO_readPin
                0x080049bc       0x48 ./src/MGPIO_Program.o
                0x080049bc                MGPIO_readPin
 .text.MGPIO_writePin
                0x08004a04       0x8c ./src/MGPIO_Program.o
                0x08004a04                MGPIO_writePin
 .text.MGPIO_SetAlternativeFuncPin
                0x08004a90       0xf8 ./src/MGPIO_Program.o
                0x08004a90                MGPIO_SetAlternativeFuncPin
 .text.MRCC_voidInit
                0x08004b88       0x28 ./src/MRCC_Program.o
                0x08004b88                MRCC_voidInit
 .text.MRCC_Enable_Peripheral
                0x08004bb0       0x50 ./src/MRCC_Program.o
                0x08004bb0                MRCC_Enable_Peripheral
 .text.MUART_voidInit
                0x08004c00       0xbc ./src/MUART_Program.o
                0x08004c00                MUART_voidInit
 .text.MUART_Recieve
                0x08004cbc       0x50 ./src/MUART_Program.o
                0x08004cbc                MUART_Recieve
 .text.__initialize_hardware
                0x08004d0c        0x2 ./src/_initialize_hardware.o
                0x08004d0c                __initialize_hardware
 *fill*         0x08004d0e        0x2 
 .text.IRMode_Left
                0x08004d10       0x5c ./src/main.o
                0x08004d10                IRMode_Left
 .text.IRMode_Selection
                0x08004d6c       0xd8 ./src/main.o
                0x08004d6c                IRMode_Selection
 .text.TaskModeOption
                0x08004e44       0x60 ./src/main.o
                0x08004e44                TaskModeOption
 .text.ManualMode
                0x08004ea4      0x11c ./src/main.o
                0x08004ea4                ManualMode
 .text.main     0x08004fc0      0x17c ./src/main.o
                0x08004fc0                main
 .text.prvHeapInit
                0x0800513c       0x64 ./FreeRTOS/portable/MemMang/heap_4.o
 .text.prvInsertBlockIntoFreeList
                0x080051a0       0x58 ./FreeRTOS/portable/MemMang/heap_4.o
 .text.pvPortMalloc
                0x080051f8       0xe4 ./FreeRTOS/portable/MemMang/heap_4.o
                0x080051f8                pvPortMalloc
 .text.vPortFree
                0x080052dc       0x58 ./FreeRTOS/portable/MemMang/heap_4.o
                0x080052dc                vPortFree
 .text.prvTaskExitError
                0x08005334       0x20 ./FreeRTOS/portable/GCC/ARM_CM4F/port.o
 .text.prvPortStartFirstTask
                0x08005354       0x28 ./FreeRTOS/portable/GCC/ARM_CM4F/port.o
 .text.vPortEnableVFP
                0x0800537c       0x14 ./FreeRTOS/portable/GCC/ARM_CM4F/port.o
 .text.pxPortInitialiseStack
                0x08005390       0x2c ./FreeRTOS/portable/GCC/ARM_CM4F/port.o
                0x08005390                pxPortInitialiseStack
 *fill*         0x080053bc        0x4 
 .text.SVC_Handler
                0x080053c0       0x24 ./FreeRTOS/portable/GCC/ARM_CM4F/port.o
                0x080053c0                SVC_Handler
 .text.vPortEnterCritical
                0x080053e4       0x20 ./FreeRTOS/portable/GCC/ARM_CM4F/port.o
                0x080053e4                vPortEnterCritical
 .text.vPortExitCritical
                0x08005404       0x14 ./FreeRTOS/portable/GCC/ARM_CM4F/port.o
                0x08005404                vPortExitCritical
 *fill*         0x08005418        0x8 
 .text.PendSV_Handler
                0x08005420       0x64 ./FreeRTOS/portable/GCC/ARM_CM4F/port.o
                0x08005420                PendSV_Handler
 .text.SysTick_Handler
                0x08005484       0x2c ./FreeRTOS/portable/GCC/ARM_CM4F/port.o
                0x08005484                SysTick_Handler
 .text.vPortSetupTimerInterrupt
                0x080054b0       0x28 ./FreeRTOS/portable/GCC/ARM_CM4F/port.o
                0x080054b0                vPortSetupTimerInterrupt
 .text.xPortStartScheduler
                0x080054d8       0x48 ./FreeRTOS/portable/GCC/ARM_CM4F/port.o
                0x080054d8                xPortStartScheduler
 .text.vListInitialise
                0x08005520       0x16 ./FreeRTOS/list.o
                0x08005520                vListInitialise
 .text.vListInitialiseItem
                0x08005536        0x6 ./FreeRTOS/list.o
                0x08005536                vListInitialiseItem
 .text.vListInsert
                0x0800553c       0x34 ./FreeRTOS/list.o
                0x0800553c                vListInsert
 .text.uxListRemove
                0x08005570       0x28 ./FreeRTOS/list.o
                0x08005570                uxListRemove
 .text.prvIsQueueFull
                0x08005598       0x1e ./FreeRTOS/queue.o
 .text.prvIsQueueEmpty
                0x080055b6       0x1a ./FreeRTOS/queue.o
 .text.prvCopyDataToQueue
                0x080055d0       0x58 ./FreeRTOS/queue.o
 .text.prvUnlockQueue
                0x08005628       0x6e ./FreeRTOS/queue.o
 *fill*         0x08005696        0x2 
 .text.xQueueGenericReset
                0x08005698       0x98 ./FreeRTOS/queue.o
                0x08005698                xQueueGenericReset
 .text.prvInitialiseNewQueue
                0x08005730       0x1c ./FreeRTOS/queue.o
 .text.xQueueGenericCreate
                0x0800574c       0x50 ./FreeRTOS/queue.o
                0x0800574c                xQueueGenericCreate
 .text.xQueueGenericSend
                0x0800579c      0x118 ./FreeRTOS/queue.o
                0x0800579c                xQueueGenericSend
 .text.xQueueSemaphoreTake
                0x080058b4      0x104 ./FreeRTOS/queue.o
                0x080058b4                xQueueSemaphoreTake
 .text.prvResetNextTaskUnblockTime
                0x080059b8       0x28 ./FreeRTOS/tasks.o
 .text.prvDeleteTCB
                0x080059e0       0x12 ./FreeRTOS/tasks.o
 .text.prvInitialiseNewTask
                0x080059f2       0x92 ./FreeRTOS/tasks.o
 .text.prvInitialiseTaskLists
                0x08005a84       0x68 ./FreeRTOS/tasks.o
 .text.prvAddNewTaskToReadyList
                0x08005aec       0xc8 ./FreeRTOS/tasks.o
 .text.prvCheckTasksWaitingTermination
                0x08005bb4       0x4c ./FreeRTOS/tasks.o
 .text.prvIdleTask
                0x08005c00       0x28 ./FreeRTOS/tasks.o
 .text.prvAddCurrentTaskToDelayedList
                0x08005c28       0xb4 ./FreeRTOS/tasks.o
 .text.xTaskCreate
                0x08005cdc       0x62 ./FreeRTOS/tasks.o
                0x08005cdc                xTaskCreate
 *fill*         0x08005d3e        0x2 
 .text.vTaskStartScheduler
                0x08005d40       0x6c ./FreeRTOS/tasks.o
                0x08005d40                vTaskStartScheduler
 .text.vTaskSuspendAll
                0x08005dac       0x10 ./FreeRTOS/tasks.o
                0x08005dac                vTaskSuspendAll
 .text.xTaskIncrementTick
                0x08005dbc      0x15c ./FreeRTOS/tasks.o
                0x08005dbc                xTaskIncrementTick
 .text.xTaskResumeAll
                0x08005f18      0x144 ./FreeRTOS/tasks.o
                0x08005f18                xTaskResumeAll
 .text.vTaskDelay
                0x0800605c       0x34 ./FreeRTOS/tasks.o
                0x0800605c                vTaskDelay
 .text.vTaskSwitchContext
                0x08006090       0x7c ./FreeRTOS/tasks.o
                0x08006090                vTaskSwitchContext
 .text.vTaskPlaceOnEventList
                0x0800610c       0x1c ./FreeRTOS/tasks.o
                0x0800610c                vTaskPlaceOnEventList
 .text.xTaskRemoveFromEventList
                0x08006128       0xe4 ./FreeRTOS/tasks.o
                0x08006128                xTaskRemoveFromEventList
 .text.vTaskInternalSetTimeOutState
                0x0800620c       0x18 ./FreeRTOS/tasks.o
                0x0800620c                vTaskInternalSetTimeOutState
 .text.xTaskCheckForTimeOut
                0x08006224       0x5c ./FreeRTOS/tasks.o
                0x08006224                xTaskCheckForTimeOut
 .text.vTaskMissedYield
                0x08006280        0xc ./FreeRTOS/tasks.o
                0x08006280                vTaskMissedYield
 .text.__errno  0x0800628c        0xc e:/embedded systems by imt/imt_sdk_win_64/winarm/armgcc/bin/../lib/gcc/arm-none-eabi/7.2.1/../../../../arm-none-eabi/lib/thumb/v7e-m/fpv4-sp/hard\libg_nano.a(lib_a-errno.o)
                0x0800628c                __errno
 .text.memcpy   0x08006298       0x16 e:/embedded systems by imt/imt_sdk_win_64/winarm/armgcc/bin/../lib/gcc/arm-none-eabi/7.2.1/../../../../arm-none-eabi/lib/thumb/v7e-m/fpv4-sp/hard\libg_nano.a(lib_a-memcpy-stub.o)
                0x08006298                memcpy
 .text.memset   0x080062ae       0x10 e:/embedded systems by imt/imt_sdk_win_64/winarm/armgcc/bin/../lib/gcc/arm-none-eabi/7.2.1/../../../../arm-none-eabi/lib/thumb/v7e-m/fpv4-sp/hard\libg_nano.a(lib_a-memset.o)
                0x080062ae                memset
 .text._vsnprintf_r
                0x080062be       0x58 e:/embedded systems by imt/imt_sdk_win_64/winarm/armgcc/bin/../lib/gcc/arm-none-eabi/7.2.1/../../../../arm-none-eabi/lib/thumb/v7e-m/fpv4-sp/hard\libg_nano.a(lib_a-vsnprintf.o)
                0x080062be                _vsniprintf_r
                0x080062be                _vsnprintf_r
 *fill*         0x08006316        0x2 
 .text.vsnprintf
                0x08006318       0x1c e:/embedded systems by imt/imt_sdk_win_64/winarm/armgcc/bin/../lib/gcc/arm-none-eabi/7.2.1/../../../../arm-none-eabi/lib/thumb/v7e-m/fpv4-sp/hard\libg_nano.a(lib_a-vsnprintf.o)
                0x08006318                vsniprintf
                0x08006318                vsnprintf
 .text.__ssputs_r
                0x08006334       0xb4 e:/embedded systems by imt/imt_sdk_win_64/winarm/armgcc/bin/../lib/gcc/arm-none-eabi/7.2.1/../../../../arm-none-eabi/lib/thumb/v7e-m/fpv4-sp/hard\libg_nano.a(lib_a-nano-svfprintf.o)
                0x08006334                __ssputs_r
 .text._svfprintf_r
                0x080063e8      0x1ec e:/embedded systems by imt/imt_sdk_win_64/winarm/armgcc/bin/../lib/gcc/arm-none-eabi/7.2.1/../../../../arm-none-eabi/lib/thumb/v7e-m/fpv4-sp/hard\libg_nano.a(lib_a-nano-svfprintf.o)
                0x080063e8                _svfiprintf_r
                0x080063e8                _svfprintf_r
 .text._printf_common
                0x080065d4       0xea e:/embedded systems by imt/imt_sdk_win_64/winarm/armgcc/bin/../lib/gcc/arm-none-eabi/7.2.1/../../../../arm-none-eabi/lib/thumb/v7e-m/fpv4-sp/hard\libg_nano.a(lib_a-nano-vfprintf_i.o)
                0x080065d4                _printf_common
 *fill*         0x080066be        0x2 
 .text._printf_i
                0x080066c0      0x224 e:/embedded systems by imt/imt_sdk_win_64/winarm/armgcc/bin/../lib/gcc/arm-none-eabi/7.2.1/../../../../arm-none-eabi/lib/thumb/v7e-m/fpv4-sp/hard\libg_nano.a(lib_a-nano-vfprintf_i.o)
                0x080066c0                _printf_i
 *fill*         0x080068e4        0xc 
 .text          0x080068f0       0xa0 e:/embedded systems by imt/imt_sdk_win_64/winarm/armgcc/bin/../lib/gcc/arm-none-eabi/7.2.1/../../../../arm-none-eabi/lib/thumb/v7e-m/fpv4-sp/hard\libg_nano.a(lib_a-memchr.o)
                0x080068f0                memchr
 .text.memmove  0x08006990       0x32 e:/embedded systems by imt/imt_sdk_win_64/winarm/armgcc/bin/../lib/gcc/arm-none-eabi/7.2.1/../../../../arm-none-eabi/lib/thumb/v7e-m/fpv4-sp/hard\libg_nano.a(lib_a-memmove.o)
                0x08006990                memmove
 *fill*         0x080069c2        0x2 
 .text._free_r  0x080069c4       0x9c e:/embedded systems by imt/imt_sdk_win_64/winarm/armgcc/bin/../lib/gcc/arm-none-eabi/7.2.1/../../../../arm-none-eabi/lib/thumb/v7e-m/fpv4-sp/hard\libg_nano.a(lib_a-nano-freer.o)
                0x080069c4                _free_r
 .text._malloc_r
                0x08006a60       0xb4 e:/embedded systems by imt/imt_sdk_win_64/winarm/armgcc/bin/../lib/gcc/arm-none-eabi/7.2.1/../../../../arm-none-eabi/lib/thumb/v7e-m/fpv4-sp/hard\libg_nano.a(lib_a-nano-mallocr.o)
                0x08006a60                _malloc_r
 .text._realloc_r
                0x08006b14       0x4c e:/embedded systems by imt/imt_sdk_win_64/winarm/armgcc/bin/../lib/gcc/arm-none-eabi/7.2.1/../../../../arm-none-eabi/lib/thumb/v7e-m/fpv4-sp/hard\libg_nano.a(lib_a-nano-reallocr.o)
                0x08006b14                _realloc_r
 .text._sbrk_r  0x08006b60       0x20 e:/embedded systems by imt/imt_sdk_win_64/winarm/armgcc/bin/../lib/gcc/arm-none-eabi/7.2.1/../../../../arm-none-eabi/lib/thumb/v7e-m/fpv4-sp/hard\libg_nano.a(lib_a-sbrkr.o)
                0x08006b60                _sbrk_r
 .text.__malloc_lock
                0x08006b80        0x2 e:/embedded systems by imt/imt_sdk_win_64/winarm/armgcc/bin/../lib/gcc/arm-none-eabi/7.2.1/../../../../arm-none-eabi/lib/thumb/v7e-m/fpv4-sp/hard\libg_nano.a(lib_a-mlock.o)
                0x08006b80                __malloc_lock
 .text.__malloc_unlock
                0x08006b82        0x2 e:/embedded systems by imt/imt_sdk_win_64/winarm/armgcc/bin/../lib/gcc/arm-none-eabi/7.2.1/../../../../arm-none-eabi/lib/thumb/v7e-m/fpv4-sp/hard\libg_nano.a(lib_a-mlock.o)
                0x08006b82                __malloc_unlock
 .text._malloc_usable_size_r
                0x08006b84       0x10 e:/embedded systems by imt/imt_sdk_win_64/winarm/armgcc/bin/../lib/gcc/arm-none-eabi/7.2.1/../../../../arm-none-eabi/lib/thumb/v7e-m/fpv4-sp/hard\libg_nano.a(lib_a-nano-msizer.o)
                0x08006b84                _malloc_usable_size_r
 *(.rodata .rodata.* .constdata .constdata.*)
 .rodata.dumpExceptionStack.str1.4
                0x08006b94      0x11a ./system/src/cortexm/exception_handlers.o
 *fill*         0x08006cae        0x2 
 .rodata.str1.4
                0x08006cb0       0x2a ./system/src/cortexm/exception_handlers.o
 *fill*         0x08006cda        0x2 
 .rodata.main.str1.4
                0x08006cdc       0x4c ./src/main.o
 .rodata.vTaskStartScheduler.str1.4
                0x08006d28        0x8 ./FreeRTOS/tasks.o
                                  0x5 (size before relaxing)
 .rodata._svfprintf_r.str1.1
                0x08006d30       0x11 e:/embedded systems by imt/imt_sdk_win_64/winarm/armgcc/bin/../lib/gcc/arm-none-eabi/7.2.1/../../../../arm-none-eabi/lib/thumb/v7e-m/fpv4-sp/hard\libg_nano.a(lib_a-nano-svfprintf.o)
 .rodata._printf_i.str1.1
                0x08006d41       0x22 e:/embedded systems by imt/imt_sdk_win_64/winarm/armgcc/bin/../lib/gcc/arm-none-eabi/7.2.1/../../../../arm-none-eabi/lib/thumb/v7e-m/fpv4-sp/hard\libg_nano.a(lib_a-nano-vfprintf_i.o)
 *(vtable)
 *(.eh_frame*)
 *(.glue_7)
 .glue_7        0x08006d63        0x0 linker stubs
 *(.glue_7t)
 .glue_7t       0x08006d63        0x0 linker stubs

.vfp11_veneer   0x08006d64        0x0
 .vfp11_veneer  0x08006d64        0x0 linker stubs

.v4_bx          0x08006d64        0x0
 .v4_bx         0x08006d64        0x0 linker stubs

.iplt           0x08006d64        0x0
 .iplt          0x08006d64        0x0 ./system/src/newlib/_exit.o

.rel.dyn        0x08006d64        0x0
 .rel.iplt      0x08006d64        0x0 ./system/src/newlib/_exit.o

.ARM.extab
 *(.ARM.extab* .gnu.linkonce.armextab.*)
                0x08006d64                . = ALIGN (0x4)
                0x08006d64                __exidx_start = .

.ARM.exidx
 *(.ARM.exidx* .gnu.linkonce.armexidx.*)
                0x08006d64                __exidx_end = .
                0x08006d64                . = ALIGN (0x4)
                0x08006d64                _etext = .
                0x08006d64                __etext = .

.data_CCMRAM    0x10000000        0x0 load address 0x08006d64
 FILL mask 0xff
 *(.data.CCMRAM .data.CCMRAM.*)
                0x10000000                . = ALIGN (0x4)
                0x08006d64                _sidata = LOADADDR (.data)

.data           0x20000000       0x7c load address 0x08006d64
 FILL mask 0xff
                0x20000000                _sdata = .
                0x20000000                __data_start__ = .
 *(.data_begin .data_begin.*)
 .data_begin    0x20000000        0x4 ./system/src/newlib/_startup.o
 *(.data .data.*)
 .data.argv.5585
                0x20000004        0x8 ./system/src/newlib/_syscalls.o
 .data.uxCriticalNesting
                0x2000000c        0x4 ./FreeRTOS/portable/GCC/ARM_CM4F/port.o
 .data.uxTopUsedPriority
                0x20000010        0x4 ./FreeRTOS/tasks.o
                0x20000010                uxTopUsedPriority
 .data._impure_ptr
                0x20000014        0x4 e:/embedded systems by imt/imt_sdk_win_64/winarm/armgcc/bin/../lib/gcc/arm-none-eabi/7.2.1/../../../../arm-none-eabi/lib/thumb/v7e-m/fpv4-sp/hard\libg_nano.a(lib_a-impure.o)
                0x20000014                _impure_ptr
 .data.impure_data
                0x20000018       0x60 e:/embedded systems by imt/imt_sdk_win_64/winarm/armgcc/bin/../lib/gcc/arm-none-eabi/7.2.1/../../../../arm-none-eabi/lib/thumb/v7e-m/fpv4-sp/hard\libg_nano.a(lib_a-impure.o)
 *(.data_end .data_end.*)
 .data_end      0x20000078        0x4 ./system/src/newlib/_startup.o
                0x2000007c                . = ALIGN (0x4)
                0x2000007c                _edata = .
                0x2000007c                __data_end__ = .

.igot.plt       0x2000007c        0x0 load address 0x08006de0
 .igot.plt      0x2000007c        0x0 ./system/src/newlib/_exit.o

.bss_CCMRAM     0x10000000        0x0
 *(.bss.CCMRAM .bss.CCMRAM.*)

.bss            0x2000007c     0x21e8
                0x2000007c                __bss_start__ = .
                0x2000007c                _sbss = .
 *(.bss_begin .bss_begin.*)
 .bss_begin     0x2000007c        0x4 ./system/src/newlib/_startup.o
 *(.bss .bss.*)
 .bss.current_heap_end.5236
                0x20000080        0x4 ./system/src/newlib/_sbrk.o
 .bss.name.5584
                0x20000084        0x1 ./system/src/newlib/_syscalls.o
 *fill*         0x20000085        0x3 
 .bss.buf.6480  0x20000088       0x80 ./system/src/diag/Trace.o
 .bss.VtaskIRMode_Left
                0x20000108        0x4 ./src/main.o
                0x20000108                VtaskIRMode_Left
 .bss.VtaskIRMode_select
                0x2000010c        0x4 ./src/main.o
                0x2000010c                VtaskIRMode_select
 .bss.VtaskManualMode
                0x20000110        0x4 ./src/main.o
                0x20000110                VtaskManualMode
 .bss.VtaskOptionMode
                0x20000114        0x4 ./src/main.o
                0x20000114                VtaskOptionMode
 .bss.u8IRCenter
                0x20000118        0x1 ./src/main.o
                0x20000118                u8IRCenter
 .bss.u8IRLeft  0x20000119        0x1 ./src/main.o
                0x20000119                u8IRLeft
 .bss.u8IRRight
                0x2000011a        0x1 ./src/main.o
                0x2000011a                u8IRRight
 .bss.u8flag_1  0x2000011b        0x1 ./src/main.o
                0x2000011b                u8flag_1
 .bss.u8flag_2  0x2000011c        0x1 ./src/main.o
                0x2000011c                u8flag_2
 *fill*         0x2000011d        0x3 
 .bss.xsemaphore_1
                0x20000120        0x4 ./src/main.o
                0x20000120                xsemaphore_1
 .bss.xsemaphore_2
                0x20000124        0x4 ./src/main.o
                0x20000124                xsemaphore_2
 .bss.xsemaphore_3
                0x20000128        0x4 ./src/main.o
                0x20000128                xsemaphore_3
 .bss.pxEnd     0x2000012c        0x4 ./FreeRTOS/portable/MemMang/heap_4.o
 .bss.ucHeap    0x20000130     0x2000 ./FreeRTOS/portable/MemMang/heap_4.o
 .bss.xBlockAllocatedBit
                0x20002130        0x4 ./FreeRTOS/portable/MemMang/heap_4.o
 .bss.xFreeBytesRemaining
                0x20002134        0x4 ./FreeRTOS/portable/MemMang/heap_4.o
 .bss.xMinimumEverFreeBytesRemaining
                0x20002138        0x4 ./FreeRTOS/portable/MemMang/heap_4.o
 .bss.xNumberOfSuccessfulAllocations
                0x2000213c        0x4 ./FreeRTOS/portable/MemMang/heap_4.o
 .bss.xNumberOfSuccessfulFrees
                0x20002140        0x4 ./FreeRTOS/portable/MemMang/heap_4.o
 .bss.xStart    0x20002144        0x8 ./FreeRTOS/portable/MemMang/heap_4.o
 .bss.pxCurrentTCB
                0x2000214c        0x4 ./FreeRTOS/tasks.o
                0x2000214c                pxCurrentTCB
 .bss.pxDelayedTaskList
                0x20002150        0x4 ./FreeRTOS/tasks.o
 .bss.pxOverflowDelayedTaskList
                0x20002154        0x4 ./FreeRTOS/tasks.o
 .bss.pxReadyTasksLists
                0x20002158       0x64 ./FreeRTOS/tasks.o
 .bss.uxCurrentNumberOfTasks
                0x200021bc        0x4 ./FreeRTOS/tasks.o
 .bss.uxDeletedTasksWaitingCleanUp
                0x200021c0        0x4 ./FreeRTOS/tasks.o
 .bss.uxSchedulerSuspended
                0x200021c4        0x4 ./FreeRTOS/tasks.o
 .bss.uxTaskNumber
                0x200021c8        0x4 ./FreeRTOS/tasks.o
 .bss.uxTopReadyPriority
                0x200021cc        0x4 ./FreeRTOS/tasks.o
 .bss.xDelayedTaskList1
                0x200021d0       0x14 ./FreeRTOS/tasks.o
 .bss.xDelayedTaskList2
                0x200021e4       0x14 ./FreeRTOS/tasks.o
 .bss.xIdleTaskHandle
                0x200021f8        0x4 ./FreeRTOS/tasks.o
 .bss.xNextTaskUnblockTime
                0x200021fc        0x4 ./FreeRTOS/tasks.o
 .bss.xNumOfOverflows
                0x20002200        0x4 ./FreeRTOS/tasks.o
 .bss.xPendedTicks
                0x20002204        0x4 ./FreeRTOS/tasks.o
 .bss.xPendingReadyList
                0x20002208       0x14 ./FreeRTOS/tasks.o
 .bss.xSchedulerRunning
                0x2000221c        0x4 ./FreeRTOS/tasks.o
 .bss.xSuspendedTaskList
                0x20002220       0x14 ./FreeRTOS/tasks.o
 .bss.xTasksWaitingTermination
                0x20002234       0x14 ./FreeRTOS/tasks.o
 .bss.xTickCount
                0x20002248        0x4 ./FreeRTOS/tasks.o
 .bss.xYieldPending
                0x2000224c        0x4 ./FreeRTOS/tasks.o
 .bss.__malloc_free_list
                0x20002250        0x4 e:/embedded systems by imt/imt_sdk_win_64/winarm/armgcc/bin/../lib/gcc/arm-none-eabi/7.2.1/../../../../arm-none-eabi/lib/thumb/v7e-m/fpv4-sp/hard\libg_nano.a(lib_a-nano-mallocr.o)
                0x20002250                __malloc_free_list
 .bss.__malloc_sbrk_start
                0x20002254        0x4 e:/embedded systems by imt/imt_sdk_win_64/winarm/armgcc/bin/../lib/gcc/arm-none-eabi/7.2.1/../../../../arm-none-eabi/lib/thumb/v7e-m/fpv4-sp/hard\libg_nano.a(lib_a-nano-mallocr.o)
                0x20002254                __malloc_sbrk_start
 *(COMMON)
 COMMON         0x20002258        0x4 ./system/src/newlib/_syscalls.o
                0x20002258                errno
 COMMON         0x2000225c        0x1 ./src/main.o
                0x2000225c                Local_u8Mode
 *(.bss_end .bss_end.*)
 *fill*         0x2000225d        0x3 
 .bss_end       0x20002260        0x4 ./system/src/newlib/_startup.o
                0x20002264                . = ALIGN (0x4)
                0x20002264                __bss_end__ = .
                0x20002264                _ebss = .

.noinit_CCMRAM
 *(.noinit.CCMRAM .noinit.CCMRAM.*)

.noinit         0x20002264        0x0
                0x20002264                _noinit = .
 *(.noinit .noinit.*)
                0x20002264                . = ALIGN (0x4)
                0x20002264                _end_noinit = .
                [!provide]                PROVIDE (end, _end_noinit)
                [!provide]                PROVIDE (_end, _end_noinit)
                [!provide]                PROVIDE (__end, _end_noinit)
                [!provide]                PROVIDE (__end__, _end_noinit)

._check_stack   0x20002264      0x100
                0x20002364                . = (. + _Minimum_Stack_Size)
 *fill*         0x20002264      0x100 

.b1text
 *(.b1text)
 *(.b1rodata)
 *(.b1rodata.*)

.eb0text
 *(.eb0text)
 *(.eb0rodata)
 *(.eb0rodata.*)

.eb1text
 *(.eb1text)
 *(.eb1rodata)
 *(.eb1rodata.*)

.eb2text
 *(.eb2text)
 *(.eb2rodata)
 *(.eb2rodata.*)

.eb3text
 *(.eb3text)
 *(.eb3rodata)
 *(.eb3rodata.*)

.stab
 *(.stab)

.stabstr
 *(.stabstr)

.stab.excl
 *(.stab.excl)

.stab.exclstr
 *(.stab.exclstr)

.stab.index
 *(.stab.index)

.stab.indexstr
 *(.stab.indexstr)

.comment        0x00000000       0x7e
 *(.comment)
 .comment       0x00000000       0x7e ./system/src/newlib/_exit.o
                                 0x7f (size before relaxing)
 .comment       0x0000007e       0x7f ./system/src/newlib/_sbrk.o
 .comment       0x0000007e       0x7f ./system/src/newlib/_startup.o
 .comment       0x0000007e       0x7f ./system/src/newlib/_syscalls.o
 .comment       0x0000007e       0x7f ./system/src/diag/Trace.o
 .comment       0x0000007e       0x7f ./system/src/diag/trace_impl.o
 .comment       0x0000007e       0x7f ./system/src/cortexm/_initialize_hardware.o
 .comment       0x0000007e       0x7f ./system/src/cortexm/exception_handlers.o
 .comment       0x0000007e       0x7f ./system/src/cmsis/system_stm32f4xx.o
 .comment       0x0000007e       0x7f ./system/src/cmsis/vectors_stm32f401xc.o
 .comment       0x0000007e       0x7f ./src/DC_MOTOR_Program.o
 .comment       0x0000007e       0x7f ./src/IR_Program.o
 .comment       0x0000007e       0x7f ./src/MGPIO_Program.o
 .comment       0x0000007e       0x7f ./src/MRCC_Program.o
 .comment       0x0000007e       0x7f ./src/MUART_Program.o
 .comment       0x0000007e       0x7f ./src/_initialize_hardware.o
 .comment       0x0000007e       0x7f ./src/main.o
 .comment       0x0000007e       0x7f ./FreeRTOS/portable/MemMang/heap_4.o
 .comment       0x0000007e       0x7f ./FreeRTOS/portable/GCC/ARM_CM4F/port.o
 .comment       0x0000007e       0x7f ./FreeRTOS/list.o
 .comment       0x0000007e       0x7f ./FreeRTOS/queue.o
 .comment       0x0000007e       0x7f ./FreeRTOS/tasks.o

.ARM.attributes
                0x00000000       0x37
 .ARM.attributes
                0x00000000       0x39 ./system/src/newlib/_exit.o
 .ARM.attributes
                0x00000039       0x39 ./system/src/newlib/_sbrk.o
 .ARM.attributes
                0x00000072       0x39 ./system/src/newlib/_startup.o
 .ARM.attributes
                0x000000ab       0x39 ./system/src/newlib/_syscalls.o
 .ARM.attributes
                0x000000e4       0x39 ./system/src/diag/Trace.o
 .ARM.attributes
                0x0000011d       0x39 ./system/src/diag/trace_impl.o
 .ARM.attributes
                0x00000156       0x39 ./system/src/cortexm/_initialize_hardware.o
 .ARM.attributes
                0x0000018f       0x39 ./system/src/cortexm/exception_handlers.o
 .ARM.attributes
                0x000001c8       0x39 ./system/src/cmsis/system_stm32f4xx.o
 .ARM.attributes
                0x00000201       0x39 ./system/src/cmsis/vectors_stm32f401xc.o
 .ARM.attributes
                0x0000023a       0x39 ./src/DC_MOTOR_Program.o
 .ARM.attributes
                0x00000273       0x39 ./src/IR_Program.o
 .ARM.attributes
                0x000002ac       0x39 ./src/MGPIO_Program.o
 .ARM.attributes
                0x000002e5       0x39 ./src/MRCC_Program.o
 .ARM.attributes
                0x0000031e       0x39 ./src/MUART_Program.o
 .ARM.attributes
                0x00000357       0x39 ./src/_initialize_hardware.o
 .ARM.attributes
                0x00000390       0x39 ./src/main.o
 .ARM.attributes
                0x000003c9       0x39 ./FreeRTOS/portable/MemMang/heap_4.o
 .ARM.attributes
                0x00000402       0x39 ./FreeRTOS/portable/GCC/ARM_CM4F/port.o
 .ARM.attributes
                0x0000043b       0x39 ./FreeRTOS/list.o
 .ARM.attributes
                0x00000474       0x39 ./FreeRTOS/queue.o
 .ARM.attributes
                0x000004ad       0x39 ./FreeRTOS/tasks.o
 .ARM.attributes
                0x000004e6       0x34 e:/embedded systems by imt/imt_sdk_win_64/winarm/armgcc/bin/../lib/gcc/arm-none-eabi/7.2.1/../../../../arm-none-eabi/lib/thumb/v7e-m/fpv4-sp/hard\libg_nano.a(lib_a-errno.o)
 .ARM.attributes
                0x0000051a       0x34 e:/embedded systems by imt/imt_sdk_win_64/winarm/armgcc/bin/../lib/gcc/arm-none-eabi/7.2.1/../../../../arm-none-eabi/lib/thumb/v7e-m/fpv4-sp/hard\libg_nano.a(lib_a-impure.o)
 .ARM.attributes
                0x0000054e       0x34 e:/embedded systems by imt/imt_sdk_win_64/winarm/armgcc/bin/../lib/gcc/arm-none-eabi/7.2.1/../../../../arm-none-eabi/lib/thumb/v7e-m/fpv4-sp/hard\libg_nano.a(lib_a-memcpy-stub.o)
 .ARM.attributes
                0x00000582       0x34 e:/embedded systems by imt/imt_sdk_win_64/winarm/armgcc/bin/../lib/gcc/arm-none-eabi/7.2.1/../../../../arm-none-eabi/lib/thumb/v7e-m/fpv4-sp/hard\libg_nano.a(lib_a-memset.o)
 .ARM.attributes
                0x000005b6       0x34 e:/embedded systems by imt/imt_sdk_win_64/winarm/armgcc/bin/../lib/gcc/arm-none-eabi/7.2.1/../../../../arm-none-eabi/lib/thumb/v7e-m/fpv4-sp/hard\libg_nano.a(lib_a-vsnprintf.o)
 .ARM.attributes
                0x000005ea       0x34 e:/embedded systems by imt/imt_sdk_win_64/winarm/armgcc/bin/../lib/gcc/arm-none-eabi/7.2.1/../../../../arm-none-eabi/lib/thumb/v7e-m/fpv4-sp/hard\libg_nano.a(lib_a-nano-svfprintf.o)
 .ARM.attributes
                0x0000061e       0x34 e:/embedded systems by imt/imt_sdk_win_64/winarm/armgcc/bin/../lib/gcc/arm-none-eabi/7.2.1/../../../../arm-none-eabi/lib/thumb/v7e-m/fpv4-sp/hard\libg_nano.a(lib_a-nano-vfprintf_i.o)
 .ARM.attributes
                0x00000652       0x20 e:/embedded systems by imt/imt_sdk_win_64/winarm/armgcc/bin/../lib/gcc/arm-none-eabi/7.2.1/../../../../arm-none-eabi/lib/thumb/v7e-m/fpv4-sp/hard\libg_nano.a(lib_a-memchr.o)
 .ARM.attributes
                0x00000672       0x34 e:/embedded systems by imt/imt_sdk_win_64/winarm/armgcc/bin/../lib/gcc/arm-none-eabi/7.2.1/../../../../arm-none-eabi/lib/thumb/v7e-m/fpv4-sp/hard\libg_nano.a(lib_a-memmove.o)
 .ARM.attributes
                0x000006a6       0x34 e:/embedded systems by imt/imt_sdk_win_64/winarm/armgcc/bin/../lib/gcc/arm-none-eabi/7.2.1/../../../../arm-none-eabi/lib/thumb/v7e-m/fpv4-sp/hard\libg_nano.a(lib_a-nano-freer.o)
 .ARM.attributes
                0x000006da       0x34 e:/embedded systems by imt/imt_sdk_win_64/winarm/armgcc/bin/../lib/gcc/arm-none-eabi/7.2.1/../../../../arm-none-eabi/lib/thumb/v7e-m/fpv4-sp/hard\libg_nano.a(lib_a-nano-mallocr.o)
 .ARM.attributes
                0x0000070e       0x34 e:/embedded systems by imt/imt_sdk_win_64/winarm/armgcc/bin/../lib/gcc/arm-none-eabi/7.2.1/../../../../arm-none-eabi/lib/thumb/v7e-m/fpv4-sp/hard\libg_nano.a(lib_a-nano-reallocr.o)
 .ARM.attributes
                0x00000742       0x34 e:/embedded systems by imt/imt_sdk_win_64/winarm/armgcc/bin/../lib/gcc/arm-none-eabi/7.2.1/../../../../arm-none-eabi/lib/thumb/v7e-m/fpv4-sp/hard\libg_nano.a(lib_a-sbrkr.o)
 .ARM.attributes
                0x00000776       0x34 e:/embedded systems by imt/imt_sdk_win_64/winarm/armgcc/bin/../lib/gcc/arm-none-eabi/7.2.1/../../../../arm-none-eabi/lib/thumb/v7e-m/fpv4-sp/hard\libg_nano.a(lib_a-mlock.o)
 .ARM.attributes
                0x000007aa       0x34 e:/embedded systems by imt/imt_sdk_win_64/winarm/armgcc/bin/../lib/gcc/arm-none-eabi/7.2.1/../../../../arm-none-eabi/lib/thumb/v7e-m/fpv4-sp/hard\libg_nano.a(lib_a-nano-msizer.o)

.debug
 *(.debug)

.line
 *(.line)

.debug_srcinfo
 *(.debug_srcinfo)

.debug_sfnames
 *(.debug_sfnames)

.debug_aranges  0x00000000      0x728
 *(.debug_aranges)
 .debug_aranges
                0x00000000       0x28 ./system/src/newlib/_exit.o
 .debug_aranges
                0x00000028       0x20 ./system/src/newlib/_sbrk.o
 .debug_aranges
                0x00000048       0x40 ./system/src/newlib/_startup.o
 .debug_aranges
                0x00000088       0x30 ./system/src/newlib/_syscalls.o
 .debug_aranges
                0x000000b8       0x38 ./system/src/diag/Trace.o
 .debug_aranges
                0x000000f0       0x30 ./system/src/diag/trace_impl.o
 .debug_aranges
                0x00000120       0x28 ./system/src/cortexm/_initialize_hardware.o
 .debug_aranges
                0x00000148       0x90 ./system/src/cortexm/exception_handlers.o
 .debug_aranges
                0x000001d8       0x28 ./system/src/cmsis/system_stm32f4xx.o
 .debug_aranges
                0x00000200       0x20 ./system/src/cmsis/vectors_stm32f401xc.o
 .debug_aranges
                0x00000220       0x48 ./src/DC_MOTOR_Program.o
 .debug_aranges
                0x00000268       0x38 ./src/IR_Program.o
 .debug_aranges
                0x000002a0       0x50 ./src/MGPIO_Program.o
 .debug_aranges
                0x000002f0       0x30 ./src/MRCC_Program.o
 .debug_aranges
                0x00000320       0x40 ./src/MUART_Program.o
 .debug_aranges
                0x00000360       0x28 ./src/_initialize_hardware.o
 .debug_aranges
                0x00000388       0x40 ./src/main.o
 .debug_aranges
                0x000003c8       0x58 ./FreeRTOS/portable/MemMang/heap_4.o
 .debug_aranges
                0x00000420       0x78 ./FreeRTOS/portable/GCC/ARM_CM4F/port.o
 .debug_aranges
                0x00000498       0x40 ./FreeRTOS/list.o
 .debug_aranges
                0x000004d8       0xc8 ./FreeRTOS/queue.o
 .debug_aranges
                0x000005a0      0x188 ./FreeRTOS/tasks.o

.debug_pubnames
 *(.debug_pubnames)

.debug_info     0x00000000     0xe62a
 *(.debug_info .gnu.linkonce.wi.*)
 .debug_info    0x00000000      0x956 ./system/src/newlib/_exit.o
 .debug_info    0x00000956      0x942 ./system/src/newlib/_sbrk.o
 .debug_info    0x00001298      0x4bf ./system/src/newlib/_startup.o
 .debug_info    0x00001757      0xa19 ./system/src/newlib/_syscalls.o
 .debug_info    0x00002170      0xb2a ./system/src/diag/Trace.o
 .debug_info    0x00002c9a      0xb6b ./system/src/diag/trace_impl.o
 .debug_info    0x00003805      0xade ./system/src/cortexm/_initialize_hardware.o
 .debug_info    0x000042e3     0x115a ./system/src/cortexm/exception_handlers.o
 .debug_info    0x0000543d      0xcfe ./system/src/cmsis/system_stm32f4xx.o
 .debug_info    0x0000613b       0xca ./system/src/cmsis/vectors_stm32f401xc.o
 .debug_info    0x00006205      0x436 ./src/DC_MOTOR_Program.o
 .debug_info    0x0000663b      0x21b ./src/IR_Program.o
 .debug_info    0x00006856      0x2e9 ./src/MGPIO_Program.o
 .debug_info    0x00006b3f      0x2b0 ./src/MRCC_Program.o
 .debug_info    0x00006def      0x316 ./src/MUART_Program.o
 .debug_info    0x00007105      0xcfe ./src/_initialize_hardware.o
 .debug_info    0x00007e03      0x9bf ./src/main.o
 .debug_info    0x000087c2      0xcb8 ./FreeRTOS/portable/MemMang/heap_4.o
 .debug_info    0x0000947a      0x33c ./FreeRTOS/portable/GCC/ARM_CM4F/port.o
 .debug_info    0x000097b6      0xac2 ./FreeRTOS/list.o
 .debug_info    0x0000a278     0x1d08 ./FreeRTOS/queue.o
 .debug_info    0x0000bf80     0x26aa ./FreeRTOS/tasks.o

.debug_abbrev   0x00000000     0x29f9
 *(.debug_abbrev)
 .debug_abbrev  0x00000000      0x1f3 ./system/src/newlib/_exit.o
 .debug_abbrev  0x000001f3      0x1fc ./system/src/newlib/_sbrk.o
 .debug_abbrev  0x000003ef      0x1cb ./system/src/newlib/_startup.o
 .debug_abbrev  0x000005ba      0x234 ./system/src/newlib/_syscalls.o
 .debug_abbrev  0x000007ee      0x276 ./system/src/diag/Trace.o
 .debug_abbrev  0x00000a64      0x2ef ./system/src/diag/trace_impl.o
 .debug_abbrev  0x00000d53      0x1de ./system/src/cortexm/_initialize_hardware.o
 .debug_abbrev  0x00000f31      0x32b ./system/src/cortexm/exception_handlers.o
 .debug_abbrev  0x0000125c      0x216 ./system/src/cmsis/system_stm32f4xx.o
 .debug_abbrev  0x00001472       0x9d ./system/src/cmsis/vectors_stm32f401xc.o
 .debug_abbrev  0x0000150f       0x71 ./src/DC_MOTOR_Program.o
 .debug_abbrev  0x00001580       0xa9 ./src/IR_Program.o
 .debug_abbrev  0x00001629       0xdc ./src/MGPIO_Program.o
 .debug_abbrev  0x00001705       0x9b ./src/MRCC_Program.o
 .debug_abbrev  0x000017a0      0x14b ./src/MUART_Program.o
 .debug_abbrev  0x000018eb      0x234 ./src/_initialize_hardware.o
 .debug_abbrev  0x00001b1f      0x118 ./src/main.o
 .debug_abbrev  0x00001c37      0x2d9 ./FreeRTOS/portable/MemMang/heap_4.o
 .debug_abbrev  0x00001f10      0x1cd ./FreeRTOS/portable/GCC/ARM_CM4F/port.o
 .debug_abbrev  0x000020dd      0x223 ./FreeRTOS/list.o
 .debug_abbrev  0x00002300      0x332 ./FreeRTOS/queue.o
 .debug_abbrev  0x00002632      0x3c7 ./FreeRTOS/tasks.o

.debug_line     0x00000000     0x719d
 *(.debug_line)
 .debug_line    0x00000000      0x357 ./system/src/newlib/_exit.o
 .debug_line    0x00000357      0x30b ./system/src/newlib/_sbrk.o
 .debug_line    0x00000662      0x3d3 ./system/src/newlib/_startup.o
 .debug_line    0x00000a35      0x423 ./system/src/newlib/_syscalls.o
 .debug_line    0x00000e58      0x3d3 ./system/src/diag/Trace.o
 .debug_line    0x0000122b      0xac7 ./system/src/diag/trace_impl.o
 .debug_line    0x00001cf2      0xa31 ./system/src/cortexm/_initialize_hardware.o
 .debug_line    0x00002723      0xb7e ./system/src/cortexm/exception_handlers.o
 .debug_line    0x000032a1      0xa37 ./system/src/cmsis/system_stm32f4xx.o
 .debug_line    0x00003cd8      0x104 ./system/src/cmsis/vectors_stm32f401xc.o
 .debug_line    0x00003ddc       0xfc ./src/DC_MOTOR_Program.o
 .debug_line    0x00003ed8       0xbb ./src/IR_Program.o
 .debug_line    0x00003f93      0x195 ./src/MGPIO_Program.o
 .debug_line    0x00004128       0xd1 ./src/MRCC_Program.o
 .debug_line    0x000041f9      0x1a7 ./src/MUART_Program.o
 .debug_line    0x000043a0      0xa28 ./src/_initialize_hardware.o
 .debug_line    0x00004dc8      0x3e5 ./src/main.o
 .debug_line    0x000051ad      0x4b7 ./FreeRTOS/portable/MemMang/heap_4.o
 .debug_line    0x00005664      0x304 ./FreeRTOS/portable/GCC/ARM_CM4F/port.o
 .debug_line    0x00005968      0x3f1 ./FreeRTOS/list.o
 .debug_line    0x00005d59      0x81d ./FreeRTOS/queue.o
 .debug_line    0x00006576      0xc27 ./FreeRTOS/tasks.o

.debug_frame    0x00000000     0x13c0
 *(.debug_frame)
 .debug_frame   0x00000000       0x38 ./system/src/newlib/_exit.o
 .debug_frame   0x00000038       0x28 ./system/src/newlib/_sbrk.o
 .debug_frame   0x00000060       0x7c ./system/src/newlib/_startup.o
 .debug_frame   0x000000dc       0x50 ./system/src/newlib/_syscalls.o
 .debug_frame   0x0000012c       0x94 ./system/src/diag/Trace.o
 .debug_frame   0x000001c0       0x64 ./system/src/diag/trace_impl.o
 .debug_frame   0x00000224       0x40 ./system/src/cortexm/_initialize_hardware.o
 .debug_frame   0x00000264      0x158 ./system/src/cortexm/exception_handlers.o
 .debug_frame   0x000003bc       0x30 ./system/src/cmsis/system_stm32f4xx.o
 .debug_frame   0x000003ec       0x20 ./system/src/cmsis/vectors_stm32f401xc.o
 .debug_frame   0x0000040c       0xa0 ./src/DC_MOTOR_Program.o
 .debug_frame   0x000004ac       0x7c ./src/IR_Program.o
 .debug_frame   0x00000528       0xbc ./src/MGPIO_Program.o
 .debug_frame   0x000005e4       0x40 ./src/MRCC_Program.o
 .debug_frame   0x00000624       0x6c ./src/MUART_Program.o
 .debug_frame   0x00000690       0x44 ./src/_initialize_hardware.o
 .debug_frame   0x000006d4       0x88 ./src/main.o
 .debug_frame   0x0000075c       0xcc ./FreeRTOS/portable/MemMang/heap_4.o
 .debug_frame   0x00000828       0xe8 ./FreeRTOS/portable/GCC/ARM_CM4F/port.o
 .debug_frame   0x00000910       0x6c ./FreeRTOS/list.o
 .debug_frame   0x0000097c      0x290 ./FreeRTOS/queue.o
 .debug_frame   0x00000c0c      0x4cc ./FreeRTOS/tasks.o
 .debug_frame   0x000010d8       0x20 e:/embedded systems by imt/imt_sdk_win_64/winarm/armgcc/bin/../lib/gcc/arm-none-eabi/7.2.1/../../../../arm-none-eabi/lib/thumb/v7e-m/fpv4-sp/hard\libg_nano.a(lib_a-errno.o)
 .debug_frame   0x000010f8       0x28 e:/embedded systems by imt/imt_sdk_win_64/winarm/armgcc/bin/../lib/gcc/arm-none-eabi/7.2.1/../../../../arm-none-eabi/lib/thumb/v7e-m/fpv4-sp/hard\libg_nano.a(lib_a-memcpy-stub.o)
 .debug_frame   0x00001120       0x20 e:/embedded systems by imt/imt_sdk_win_64/winarm/armgcc/bin/../lib/gcc/arm-none-eabi/7.2.1/../../../../arm-none-eabi/lib/thumb/v7e-m/fpv4-sp/hard\libg_nano.a(lib_a-memset.o)
 .debug_frame   0x00001140       0x4c e:/embedded systems by imt/imt_sdk_win_64/winarm/armgcc/bin/../lib/gcc/arm-none-eabi/7.2.1/../../../../arm-none-eabi/lib/thumb/v7e-m/fpv4-sp/hard\libg_nano.a(lib_a-vsnprintf.o)
 .debug_frame   0x0000118c       0x90 e:/embedded systems by imt/imt_sdk_win_64/winarm/armgcc/bin/../lib/gcc/arm-none-eabi/7.2.1/../../../../arm-none-eabi/lib/thumb/v7e-m/fpv4-sp/hard\libg_nano.a(lib_a-nano-svfprintf.o)
 .debug_frame   0x0000121c       0x60 e:/embedded systems by imt/imt_sdk_win_64/winarm/armgcc/bin/../lib/gcc/arm-none-eabi/7.2.1/../../../../arm-none-eabi/lib/thumb/v7e-m/fpv4-sp/hard\libg_nano.a(lib_a-nano-vfprintf_i.o)
 .debug_frame   0x0000127c       0x28 e:/embedded systems by imt/imt_sdk_win_64/winarm/armgcc/bin/../lib/gcc/arm-none-eabi/7.2.1/../../../../arm-none-eabi/lib/thumb/v7e-m/fpv4-sp/hard\libg_nano.a(lib_a-memmove.o)
 .debug_frame   0x000012a4       0x38 e:/embedded systems by imt/imt_sdk_win_64/winarm/armgcc/bin/../lib/gcc/arm-none-eabi/7.2.1/../../../../arm-none-eabi/lib/thumb/v7e-m/fpv4-sp/hard\libg_nano.a(lib_a-nano-freer.o)
 .debug_frame   0x000012dc       0x2c e:/embedded systems by imt/imt_sdk_win_64/winarm/armgcc/bin/../lib/gcc/arm-none-eabi/7.2.1/../../../../arm-none-eabi/lib/thumb/v7e-m/fpv4-sp/hard\libg_nano.a(lib_a-nano-mallocr.o)
 .debug_frame   0x00001308       0x3c e:/embedded systems by imt/imt_sdk_win_64/winarm/armgcc/bin/../lib/gcc/arm-none-eabi/7.2.1/../../../../arm-none-eabi/lib/thumb/v7e-m/fpv4-sp/hard\libg_nano.a(lib_a-nano-reallocr.o)
 .debug_frame   0x00001344       0x2c e:/embedded systems by imt/imt_sdk_win_64/winarm/armgcc/bin/../lib/gcc/arm-none-eabi/7.2.1/../../../../arm-none-eabi/lib/thumb/v7e-m/fpv4-sp/hard\libg_nano.a(lib_a-sbrkr.o)
 .debug_frame   0x00001370       0x30 e:/embedded systems by imt/imt_sdk_win_64/winarm/armgcc/bin/../lib/gcc/arm-none-eabi/7.2.1/../../../../arm-none-eabi/lib/thumb/v7e-m/fpv4-sp/hard\libg_nano.a(lib_a-mlock.o)
 .debug_frame   0x000013a0       0x20 e:/embedded systems by imt/imt_sdk_win_64/winarm/armgcc/bin/../lib/gcc/arm-none-eabi/7.2.1/../../../../arm-none-eabi/lib/thumb/v7e-m/fpv4-sp/hard\libg_nano.a(lib_a-nano-msizer.o)

.debug_str      0x00000000    0x7bf96
 *(.debug_str)
 .debug_str     0x00000000     0x7d6c ./system/src/newlib/_exit.o
                               0x7f3f (size before relaxing)
 .debug_str     0x00007d6c      0x375 ./system/src/newlib/_sbrk.o
                               0x72f1 (size before relaxing)
 .debug_str     0x000080e1      0xc1a ./system/src/newlib/_startup.o
                               0x6a92 (size before relaxing)
 .debug_str     0x00008cfb      0xe8b ./system/src/newlib/_syscalls.o
                               0x81cc (size before relaxing)
 .debug_str     0x00009b86      0x826 ./system/src/diag/Trace.o
                               0x86b7 (size before relaxing)
 .debug_str     0x0000a3ac    0x67a2e ./system/src/diag/trace_impl.o
                              0x709dd (size before relaxing)
 .debug_str     0x00071dda       0xc4 ./system/src/cortexm/_initialize_hardware.o
                              0x6f76f (size before relaxing)
 .debug_str     0x00071e9e      0x172 ./system/src/cortexm/exception_handlers.o
                              0x70b67 (size before relaxing)
 .debug_str     0x00072010      0x164 ./system/src/cmsis/system_stm32f4xx.o
                              0x6f850 (size before relaxing)
 .debug_str     0x00072174       0x59 ./system/src/cmsis/vectors_stm32f401xc.o
                               0x38cf (size before relaxing)
 .debug_str     0x000721cd      0x330 ./src/DC_MOTOR_Program.o
                               0x3121 (size before relaxing)
 .debug_str     0x000724fd      0x13c ./src/IR_Program.o
                               0x30cc (size before relaxing)
 .debug_str     0x00072639      0x2f0 ./src/MGPIO_Program.o
                               0x32da (size before relaxing)
 .debug_str     0x00072929      0x7b0 ./src/MRCC_Program.o
                               0x36f1 (size before relaxing)
 .debug_str     0x000730d9      0x572 ./src/MUART_Program.o
                               0x343f (size before relaxing)
 .debug_str     0x0007364b      0x19a ./src/_initialize_hardware.o
                              0x6f947 (size before relaxing)
 .debug_str     0x000737e5     0x5cde ./src/main.o
                               0xa72f (size before relaxing)
 .debug_str     0x000794c3      0x3a6 ./FreeRTOS/portable/MemMang/heap_4.o
                               0xbe17 (size before relaxing)
 .debug_str     0x00079869      0x7e4 ./FreeRTOS/portable/GCC/ARM_CM4F/port.o
                               0x91b1 (size before relaxing)
 .debug_str     0x0007a04d      0x112 ./FreeRTOS/list.o
                               0xa982 (size before relaxing)
 .debug_str     0x0007a15f      0x694 ./FreeRTOS/queue.o
                               0xca6c (size before relaxing)
 .debug_str     0x0007a7f3     0x17a3 ./FreeRTOS/tasks.o
                               0xd648 (size before relaxing)

.debug_loc      0x00000000     0x436d
 *(.debug_loc)
 .debug_loc     0x00000000       0x85 ./system/src/newlib/_sbrk.o
 .debug_loc     0x00000085      0x2cb ./system/src/newlib/_startup.o
 .debug_loc     0x00000350       0x63 ./system/src/newlib/_syscalls.o
 .debug_loc     0x000003b3       0xf6 ./system/src/diag/Trace.o
 .debug_loc     0x000004a9      0x121 ./system/src/diag/trace_impl.o
 .debug_loc     0x000005ca      0x291 ./system/src/cortexm/exception_handlers.o
 .debug_loc     0x0000085b      0x13e ./system/src/cmsis/system_stm32f4xx.o
 .debug_loc     0x00000999      0x774 ./src/MGPIO_Program.o
 .debug_loc     0x0000110d      0x1b0 ./src/MRCC_Program.o
 .debug_loc     0x000012bd      0x18d ./src/MUART_Program.o
 .debug_loc     0x0000144a       0x84 ./src/main.o
 .debug_loc     0x000014ce      0x3a5 ./FreeRTOS/portable/MemMang/heap_4.o
 .debug_loc     0x00001873       0xb6 ./FreeRTOS/portable/GCC/ARM_CM4F/port.o
 .debug_loc     0x00001929       0x70 ./FreeRTOS/list.o
 .debug_loc     0x00001999     0x100d ./FreeRTOS/queue.o
 .debug_loc     0x000029a6     0x19c7 ./FreeRTOS/tasks.o

.debug_macinfo
 *(.debug_macinfo)

.debug_weaknames
 *(.debug_weaknames)

.debug_funcnames
 *(.debug_funcnames)

.debug_typenames
 *(.debug_typenames)

.debug_varnames
 *(.debug_varnames)
OUTPUT(Application_RTOS.elf elf32-littlearm)

.debug_ranges   0x00000000      0x900
 .debug_ranges  0x00000000       0x18 ./system/src/newlib/_exit.o
 .debug_ranges  0x00000018       0x10 ./system/src/newlib/_sbrk.o
 .debug_ranges  0x00000028       0x90 ./system/src/newlib/_startup.o
 .debug_ranges  0x000000b8       0x20 ./system/src/newlib/_syscalls.o
 .debug_ranges  0x000000d8       0x28 ./system/src/diag/Trace.o
 .debug_ranges  0x00000100       0x50 ./system/src/diag/trace_impl.o
 .debug_ranges  0x00000150       0x18 ./system/src/cortexm/_initialize_hardware.o
 .debug_ranges  0x00000168       0x80 ./system/src/cortexm/exception_handlers.o
 .debug_ranges  0x000001e8       0x18 ./system/src/cmsis/system_stm32f4xx.o
 .debug_ranges  0x00000200       0x10 ./system/src/cmsis/vectors_stm32f401xc.o
 .debug_ranges  0x00000210       0x38 ./src/DC_MOTOR_Program.o
 .debug_ranges  0x00000248       0x28 ./src/IR_Program.o
 .debug_ranges  0x00000270       0x40 ./src/MGPIO_Program.o
 .debug_ranges  0x000002b0       0x20 ./src/MRCC_Program.o
 .debug_ranges  0x000002d0       0x30 ./src/MUART_Program.o
 .debug_ranges  0x00000300       0x18 ./src/_initialize_hardware.o
 .debug_ranges  0x00000318       0x30 ./src/main.o
 .debug_ranges  0x00000348       0x48 ./FreeRTOS/portable/MemMang/heap_4.o
 .debug_ranges  0x00000390       0x68 ./FreeRTOS/portable/GCC/ARM_CM4F/port.o
 .debug_ranges  0x000003f8       0x30 ./FreeRTOS/list.o
 .debug_ranges  0x00000428      0x160 ./FreeRTOS/queue.o
 .debug_ranges  0x00000588      0x378 ./FreeRTOS/tasks.o

.debug_macro    0x00000000     0x5544
 .debug_macro   0x00000000      0x1b4 ./system/src/newlib/_exit.o
 .debug_macro   0x000001b4      0x10e ./system/src/newlib/_exit.o
 .debug_macro   0x000002c2       0x8d ./system/src/newlib/_exit.o
 .debug_macro   0x0000034f       0x35 ./system/src/newlib/_exit.o
 .debug_macro   0x00000384      0x169 ./system/src/newlib/_sbrk.o
 .debug_macro   0x000004ed      0x174 ./system/src/newlib/_sbrk.o
 .debug_macro   0x00000661       0x10 ./system/src/newlib/_sbrk.o
 .debug_macro   0x00000671      0x23b ./system/src/newlib/_sbrk.o
 .debug_macro   0x000008ac      0x173 ./system/src/newlib/_startup.o
 .debug_macro   0x00000a1f      0xa72 ./system/src/newlib/_startup.o
 .debug_macro   0x00001491      0x217 ./system/src/newlib/_syscalls.o
 .debug_macro   0x000016a8       0x1c ./system/src/newlib/_syscalls.o
 .debug_macro   0x000016c4       0x10 ./system/src/newlib/_syscalls.o
 .debug_macro   0x000016d4       0x10 ./system/src/newlib/_syscalls.o
 .debug_macro   0x000016e4       0x10 ./system/src/newlib/_syscalls.o
 .debug_macro   0x000016f4       0x35 ./system/src/newlib/_syscalls.o
 .debug_macro   0x00001729      0x122 ./system/src/newlib/_syscalls.o
 .debug_macro   0x0000184b       0x88 ./system/src/newlib/_syscalls.o
 .debug_macro   0x000018d3       0x2b ./system/src/newlib/_syscalls.o
 .debug_macro   0x000018fe      0x118 ./system/src/newlib/_syscalls.o
 .debug_macro   0x00001a16      0x189 ./system/src/newlib/_syscalls.o
 .debug_macro   0x00001b9f       0x16 ./system/src/newlib/_syscalls.o
 .debug_macro   0x00001bb5      0x1fb ./system/src/diag/Trace.o
 .debug_macro   0x00001db0       0x4c ./system/src/diag/Trace.o
 .debug_macro   0x00001dfc       0x16 ./system/src/diag/Trace.o
 .debug_macro   0x00001e12      0x52a ./system/src/diag/trace_impl.o
 .debug_macro   0x0000233c       0x22 ./system/src/diag/trace_impl.o
 .debug_macro   0x0000235e      0x4ee ./system/src/cortexm/_initialize_hardware.o
 .debug_macro   0x0000284c      0x557 ./system/src/cortexm/exception_handlers.o
 .debug_macro   0x00002da3       0x3b ./system/src/cortexm/exception_handlers.o
 .debug_macro   0x00002dde      0x4ea ./system/src/cmsis/system_stm32f4xx.o
 .debug_macro   0x000032c8       0x34 ./system/src/cmsis/vectors_stm32f401xc.o
 .debug_macro   0x000032fc       0x32 ./src/DC_MOTOR_Program.o
 .debug_macro   0x0000332e       0x1c ./src/DC_MOTOR_Program.o
 .debug_macro   0x0000334a       0xe8 ./src/DC_MOTOR_Program.o
 .debug_macro   0x00003432       0x3a ./src/DC_MOTOR_Program.o
 .debug_macro   0x0000346c       0x38 ./src/IR_Program.o
 .debug_macro   0x000034a4       0x28 ./src/IR_Program.o
 .debug_macro   0x000034cc       0x3f ./src/MGPIO_Program.o
 .debug_macro   0x0000350b       0x22 ./src/MGPIO_Program.o
 .debug_macro   0x0000352d       0x34 ./src/MGPIO_Program.o
 .debug_macro   0x00003561       0xee ./src/MGPIO_Program.o
 .debug_macro   0x0000364f       0x3f ./src/MRCC_Program.o
 .debug_macro   0x0000368e       0x3a ./src/MRCC_Program.o
 .debug_macro   0x000036c8      0x206 ./src/MRCC_Program.o
 .debug_macro   0x000038ce       0x48 ./src/MUART_Program.o
 .debug_macro   0x00003916       0x58 ./src/MUART_Program.o
 .debug_macro   0x0000396e       0x7c ./src/MUART_Program.o
 .debug_macro   0x000039ea       0x4c ./src/MUART_Program.o
 .debug_macro   0x00003a36      0x4e4 ./src/_initialize_hardware.o
 .debug_macro   0x00003f1a      0x138 ./src/main.o
 .debug_macro   0x00004052       0xb2 ./src/main.o
 .debug_macro   0x00004104      0x15a ./src/main.o
 .debug_macro   0x0000425e       0xe3 ./src/main.o
 .debug_macro   0x00004341       0x28 ./src/main.o
 .debug_macro   0x00004369       0x1f ./src/main.o
 .debug_macro   0x00004388       0x12 ./src/main.o
 .debug_macro   0x0000439a      0x566 ./src/main.o
 .debug_macro   0x00004900       0xc3 ./src/main.o
 .debug_macro   0x000049c3      0x120 ./src/main.o
 .debug_macro   0x00004ae3       0x80 ./src/main.o
 .debug_macro   0x00004b63       0x69 ./src/main.o
 .debug_macro   0x00004bcc       0x40 ./src/main.o
 .debug_macro   0x00004c0c       0x5e ./src/main.o
 .debug_macro   0x00004c6a       0x16 ./src/main.o
 .debug_macro   0x00004c80      0x18e ./FreeRTOS/portable/MemMang/heap_4.o
 .debug_macro   0x00004e0e      0x168 ./FreeRTOS/portable/GCC/ARM_CM4F/port.o
 .debug_macro   0x00004f76      0x173 ./FreeRTOS/list.o
 .debug_macro   0x000050e9      0x1f7 ./FreeRTOS/queue.o
 .debug_macro   0x000052e0      0x254 ./FreeRTOS/tasks.o
 .debug_macro   0x00005534       0x10 ./FreeRTOS/tasks.o
